<testsuites name="jest tests" tests="3" failures="0" time="0.95">
  <testsuite name="Data transformation utilities" errors="0" failures="0" skipped="0" timestamp="2018-05-06T13:43:18" time="0.95" tests="3">
    <testcase classname="Data transformation utilities it should format a match into an object ready to be saved" name="Data transformation utilities it should format a match into an object ready to be saved" time="0.006">
    </testcase>
    <testcase classname="Data transformation utilities it should return the match that has the highest kills" name="Data transformation utilities it should return the match that has the highest kills" time="0.001">
    </testcase>
    <testcase classname="Data transformation utilities it should reduce matches into a weekly summary" name="Data transformation utilities it should reduce matches into a weekly summary" time="0.007">
    </testcase>
  </testsuite>
</testsuites>